// Jest Snapshot v1, https://goo.gl/fbAQLP

exports[`renders the component 1`] = `
Object {
  "asFragment": [Function],
  "baseElement": <body>
    <div>
      <div
        class="App"
      >
        <header>
          <h2
            data-testid="current-month"
          >
            2021 Mar
          </h2>
        </header>
        <nav>
          <button
            data-testid="prev-btn"
          >
            &lt;
          </button>
          <button
            data-testid="next-btn"
          >
            &gt;
          </button>
        </nav>
        <table>
          <thead>
            <tr>
              <th
                class="Cell"
                data-testid="cell-header-0-0"
              >
                Sun
              </th>
              <th
                class="Cell"
                data-testid="cell-header-0-1"
              >
                Mon
              </th>
              <th
                class="Cell"
                data-testid="cell-header-0-2"
              >
                Tue
              </th>
              <th
                class="Cell"
                data-testid="cell-header-0-3"
              >
                Wed
              </th>
              <th
                class="Cell"
                data-testid="cell-header-0-4"
              >
                Thr
              </th>
              <th
                class="Cell"
                data-testid="cell-header-0-5"
              >
                Fri
              </th>
              <th
                class="Cell"
                data-testid="cell-header-0-6"
              >
                Sat
              </th>
            </tr>
          </thead>
          <tbody>
            <tr>
              <td
                class="Cell"
                data-testid="cell-content-0-0"
              />
              <td
                class="Cell"
                data-testid="cell-content-0-1"
              >
                1
              </td>
              <td
                class="Cell"
                data-testid="cell-content-0-2"
              >
                2
              </td>
              <td
                class="Cell"
                data-testid="cell-content-0-3"
              >
                3
              </td>
              <td
                class="Cell"
                data-testid="cell-content-0-4"
              >
                4
              </td>
              <td
                class="Cell"
                data-testid="cell-content-0-5"
              >
                5
              </td>
              <td
                class="Cell"
                data-testid="cell-content-0-6"
              >
                6
              </td>
            </tr>
            <tr>
              <td
                class="Cell"
                data-testid="cell-content-1-0"
              >
                7
              </td>
              <td
                class="Cell"
                data-testid="cell-content-1-1"
              >
                8
              </td>
              <td
                class="Cell"
                data-testid="cell-content-1-2"
              >
                9
              </td>
              <td
                class="Cell"
                data-testid="cell-content-1-3"
              >
                10
              </td>
              <td
                class="Cell"
                data-testid="cell-content-1-4"
              >
                11
              </td>
              <td
                class="Cell"
                data-testid="cell-content-1-5"
              >
                12
              </td>
              <td
                class="Cell"
                data-testid="cell-content-1-6"
              >
                13
              </td>
            </tr>
            <tr>
              <td
                class="Cell"
                data-testid="cell-content-2-0"
              >
                14
              </td>
              <td
                class="Cell"
                data-testid="cell-content-2-1"
              >
                15
              </td>
              <td
                class="Cell"
                data-testid="cell-content-2-2"
              >
                16
              </td>
              <td
                class="Cell--highlight"
                data-testid="cell-content-2-3"
              >
                17
              </td>
              <td
                class="Cell"
                data-testid="cell-content-2-4"
              >
                18
              </td>
              <td
                class="Cell"
                data-testid="cell-content-2-5"
              >
                19
              </td>
              <td
                class="Cell"
                data-testid="cell-content-2-6"
              >
                20
              </td>
            </tr>
            <tr>
              <td
                class="Cell"
                data-testid="cell-content-3-0"
              >
                21
              </td>
              <td
                class="Cell"
                data-testid="cell-content-3-1"
              >
                22
              </td>
              <td
                class="Cell"
                data-testid="cell-content-3-2"
              >
                23
              </td>
              <td
                class="Cell"
                data-testid="cell-content-3-3"
              >
                24
              </td>
              <td
                class="Cell"
                data-testid="cell-content-3-4"
              >
                25
              </td>
              <td
                class="Cell"
                data-testid="cell-content-3-5"
              >
                26
              </td>
              <td
                class="Cell"
                data-testid="cell-content-3-6"
              >
                27
              </td>
            </tr>
            <tr>
              <td
                class="Cell"
                data-testid="cell-content-4-0"
              >
                28
              </td>
              <td
                class="Cell"
                data-testid="cell-content-4-1"
              >
                29
              </td>
              <td
                class="Cell"
                data-testid="cell-content-4-2"
              >
                30
              </td>
              <td
                class="Cell"
                data-testid="cell-content-4-3"
              >
                31
              </td>
              <td
                class="Cell"
                data-testid="cell-content-4-4"
              />
              <td
                class="Cell"
                data-testid="cell-content-4-5"
              />
              <td
                class="Cell"
                data-testid="cell-content-4-6"
              />
            </tr>
          </tbody>
        </table>
      </div>
    </div>
  </body>,
  "container": <div>
    <div
      class="App"
    >
      <header>
        <h2
          data-testid="current-month"
        >
          2021 Mar
        </h2>
      </header>
      <nav>
        <button
          data-testid="prev-btn"
        >
          &lt;
        </button>
        <button
          data-testid="next-btn"
        >
          &gt;
        </button>
      </nav>
      <table>
        <thead>
          <tr>
            <th
              class="Cell"
              data-testid="cell-header-0-0"
            >
              Sun
            </th>
            <th
              class="Cell"
              data-testid="cell-header-0-1"
            >
              Mon
            </th>
            <th
              class="Cell"
              data-testid="cell-header-0-2"
            >
              Tue
            </th>
            <th
              class="Cell"
              data-testid="cell-header-0-3"
            >
              Wed
            </th>
            <th
              class="Cell"
              data-testid="cell-header-0-4"
            >
              Thr
            </th>
            <th
              class="Cell"
              data-testid="cell-header-0-5"
            >
              Fri
            </th>
            <th
              class="Cell"
              data-testid="cell-header-0-6"
            >
              Sat
            </th>
          </tr>
        </thead>
        <tbody>
          <tr>
            <td
              class="Cell"
              data-testid="cell-content-0-0"
            />
            <td
              class="Cell"
              data-testid="cell-content-0-1"
            >
              1
            </td>
            <td
              class="Cell"
              data-testid="cell-content-0-2"
            >
              2
            </td>
            <td
              class="Cell"
              data-testid="cell-content-0-3"
            >
              3
            </td>
            <td
              class="Cell"
              data-testid="cell-content-0-4"
            >
              4
            </td>
            <td
              class="Cell"
              data-testid="cell-content-0-5"
            >
              5
            </td>
            <td
              class="Cell"
              data-testid="cell-content-0-6"
            >
              6
            </td>
          </tr>
          <tr>
            <td
              class="Cell"
              data-testid="cell-content-1-0"
            >
              7
            </td>
            <td
              class="Cell"
              data-testid="cell-content-1-1"
            >
              8
            </td>
            <td
              class="Cell"
              data-testid="cell-content-1-2"
            >
              9
            </td>
            <td
              class="Cell"
              data-testid="cell-content-1-3"
            >
              10
            </td>
            <td
              class="Cell"
              data-testid="cell-content-1-4"
            >
              11
            </td>
            <td
              class="Cell"
              data-testid="cell-content-1-5"
            >
              12
            </td>
            <td
              class="Cell"
              data-testid="cell-content-1-6"
            >
              13
            </td>
          </tr>
          <tr>
            <td
              class="Cell"
              data-testid="cell-content-2-0"
            >
              14
            </td>
            <td
              class="Cell"
              data-testid="cell-content-2-1"
            >
              15
            </td>
            <td
              class="Cell"
              data-testid="cell-content-2-2"
            >
              16
            </td>
            <td
              class="Cell--highlight"
              data-testid="cell-content-2-3"
            >
              17
            </td>
            <td
              class="Cell"
              data-testid="cell-content-2-4"
            >
              18
            </td>
            <td
              class="Cell"
              data-testid="cell-content-2-5"
            >
              19
            </td>
            <td
              class="Cell"
              data-testid="cell-content-2-6"
            >
              20
            </td>
          </tr>
          <tr>
            <td
              class="Cell"
              data-testid="cell-content-3-0"
            >
              21
            </td>
            <td
              class="Cell"
              data-testid="cell-content-3-1"
            >
              22
            </td>
            <td
              class="Cell"
              data-testid="cell-content-3-2"
            >
              23
            </td>
            <td
              class="Cell"
              data-testid="cell-content-3-3"
            >
              24
            </td>
            <td
              class="Cell"
              data-testid="cell-content-3-4"
            >
              25
            </td>
            <td
              class="Cell"
              data-testid="cell-content-3-5"
            >
              26
            </td>
            <td
              class="Cell"
              data-testid="cell-content-3-6"
            >
              27
            </td>
          </tr>
          <tr>
            <td
              class="Cell"
              data-testid="cell-content-4-0"
            >
              28
            </td>
            <td
              class="Cell"
              data-testid="cell-content-4-1"
            >
              29
            </td>
            <td
              class="Cell"
              data-testid="cell-content-4-2"
            >
              30
            </td>
            <td
              class="Cell"
              data-testid="cell-content-4-3"
            >
              31
            </td>
            <td
              class="Cell"
              data-testid="cell-content-4-4"
            />
            <td
              class="Cell"
              data-testid="cell-content-4-5"
            />
            <td
              class="Cell"
              data-testid="cell-content-4-6"
            />
          </tr>
        </tbody>
      </table>
    </div>
  </div>,
  "debug": [Function],
  "findAllByAltText": [Function],
  "findAllByDisplayValue": [Function],
  "findAllByLabelText": [Function],
  "findAllByPlaceholderText": [Function],
  "findAllByRole": [Function],
  "findAllByTestId": [Function],
  "findAllByText": [Function],
  "findAllByTitle": [Function],
  "findByAltText": [Function],
  "findByDisplayValue": [Function],
  "findByLabelText": [Function],
  "findByPlaceholderText": [Function],
  "findByRole": [Function],
  "findByTestId": [Function],
  "findByText": [Function],
  "findByTitle": [Function],
  "getAllByAltText": [Function],
  "getAllByDisplayValue": [Function],
  "getAllByLabelText": [Function],
  "getAllByPlaceholderText": [Function],
  "getAllByRole": [Function],
  "getAllByTestId": [Function],
  "getAllByText": [Function],
  "getAllByTitle": [Function],
  "getByAltText": [Function],
  "getByDisplayValue": [Function],
  "getByLabelText": [Function],
  "getByPlaceholderText": [Function],
  "getByRole": [Function],
  "getByTestId": [Function],
  "getByText": [Function],
  "getByTitle": [Function],
  "queryAllByAltText": [Function],
  "queryAllByDisplayValue": [Function],
  "queryAllByLabelText": [Function],
  "queryAllByPlaceholderText": [Function],
  "queryAllByRole": [Function],
  "queryAllByTestId": [Function],
  "queryAllByText": [Function],
  "queryAllByTitle": [Function],
  "queryByAltText": [Function],
  "queryByDisplayValue": [Function],
  "queryByLabelText": [Function],
  "queryByPlaceholderText": [Function],
  "queryByRole": [Function],
  "queryByTestId": [Function],
  "queryByText": [Function],
  "queryByTitle": [Function],
  "rerender": [Function],
  "unmount": [Function],
}
`;
